# Pre-merge validation failure
timestamp: 2026-06-12T21:33:08.885Z
execution: be1b35ca-1525-422c-988e-ee0673f66d48
context: final-verification
session: Rework the conversation page
branch: csm/rework-the-conversation-page-418ab4-identity-foundation

DEPRECATED  The `test.workspace` option is deprecated and will be removed in the next major. To hide this warning, rename `test.workspace` option to `test.projects`.

⎯⎯⎯⎯⎯⎯⎯ Failed Tests 1 ⎯⎯⎯⎯⎯⎯⎯

 FAIL  |unit| src/lib/conversations/service.test.ts > getSessionConversations > returns conversations ordered by most recently active first
AssertionError: expected '0ba3a257-2f86-44c9-bf0c-4c65071222f0' to be '4c71b0a7-66cb-4504-b7e4-ca39d68e07db' // Object.is equality

Expected: [32m"4c71b0a7-66cb-4504-b7e4-ca39d68e07db"[39m
Received: [31m"0ba3a257-2f86-44c9-bf0c-4c65071222f0"[39m

 ❯ src/lib/conversations/service.test.ts:354:27
    352|     const convos = await conversations.getSessionConversations("/proj"…
    353|     expect(convos).toHaveLength(2);
    354|     expect(convos[0]!.id).toBe(c2.id);
       |                           ^
    355|     expect(convos[1]!.id).toBe(c1.id);
    356|   });

⎯⎯⎯⎯⎯⎯⎯⎯⎯⎯⎯⎯⎯⎯⎯⎯⎯⎯⎯⎯⎯⎯⎯⎯[1/1]⎯
RUN  v3.2.4 /Users/alex/github/command-center/.worktrees/rework-the-conversation-page-418ab4.identity-foundation

··································x······················································································································································································································································································································································································································································································································································································································································································································································································································································································································································································································································································································································································································································································································································································································································································································································································································································································································································································································································································································································································································································································································································································------------·················································································································································································································································································································································································································································································-··································································································································································-

 Test Files  1 failed | 207 passed | 3 skipped (211)
      Tests  1 failed | 2763 passed | 13 skipped | 1 todo (2778)
   Start at  17:31:53
   Duration  75.45s (transform 3.94s, setup 20.88s, collect 89.09s, tests 75.46s, environment 66.36s, prepare 20.66s)
