# Pre-merge validation failure
timestamp: 2026-06-16T04:48:29.269Z
execution: 3cb207e4-0a9a-47a4-8607-d2b515b0f86f
context: ui-primitives
session: Migrate to Tailwind CSS
branch: csm/migrate-to-tailwind-css-3204f2-toolchain-foundation

DEPRECATED  The `test.workspace` option is deprecated and will be removed in the next major. To hide this warning, rename `test.workspace` option to `test.projects`.

⎯⎯⎯⎯⎯⎯⎯ Failed Tests 1 ⎯⎯⎯⎯⎯⎯⎯

 FAIL  |unit| src/lib/shared/tailwind-utility-collisions.test.ts > Tailwind utility collisions (visual inertness) > no bare-token className matches a generated utility without a legacy CSS rule
AssertionError: Tailwind would silently style these bare classNames (no legacy CSS rule):
  .opacity-50 (first used in src/components/ui/Badge.tsx)
Rename each to a non-utility BEM name to keep the integration visually inert.: expected [ Array(1) ] to deeply equal []

[32m- Expected[39m
[31m+ Received[39m

[32m- [][39m
[31m+ [[39m
[31m+   ".opacity-50 (first used in src/components/ui/Badge.tsx)",[39m
[31m+ ][39m

 ❯ src/lib/shared/tailwind-utility-collisions.test.ts:115:7
    113|         ? `Tailwind would silently style these bare classNames (no leg…
    114|         : undefined,
    115|     ).toEqual([]);
       |       ^
    116|   }, 20000);
    117| });

⎯⎯⎯⎯⎯⎯⎯⎯⎯⎯⎯⎯⎯⎯⎯⎯⎯⎯⎯⎯⎯⎯⎯⎯[1/1]⎯
RUN  v3.2.4 /Users/alex/github/command-center/.worktrees/migrate-to-tailwind-css-3204f2.toolchain-foundation

··········································································································································································································································x········································································································

 Test Files  1 failed | 31 passed (32)
      Tests  1 failed | 338 passed (339)
   Start at  00:48:02
   Duration  26.86s (transform 3.38s, setup 4.05s, collect 20.36s, tests 35.13s, environment 25.45s, prepare 3.50s)
