# Pre-merge validation failure
timestamp: 2026-05-24T18:49:16.572Z
execution: fe1ead2d-d265-416f-997f-5c713f0c16e7
context: final-verification
session: Reorganize codebase
branch: csm/reorganize-codebase-fc34d2-pr-0-steering-update

/home/alex/github/remote-ai-manager/.worktrees/reorganize-codebase-fc34d2.pr-0-steering-update/src/features/session/hooks/use-backend-model-effort.ts
  99:5  error  Error: Calling setState synchronously within an effect can trigger cascading renders

Effects are intended to synchronize state between React and external systems such as manually updating the DOM, state management libraries, or other platform APIs. In general, the body of an effect should do one or both of the following:
* Update external systems with the latest state from React.
* Subscribe for updates from some external system, calling setState in a callback function when external state changes.

Calling setState synchronously within an effect body causes cascading renders that can hurt performance, and is not recommended. (https://react.dev/learn/you-might-not-need-an-effect).

/home/alex/github/remote-ai-manager/.worktrees/reorganize-codebase-fc34d2.pr-0-steering-update/src/features/session/hooks/use-backend-model-effort.ts:99:5
   97 |       return;
   98 |     }
>  99 |     setSelectedBackend(backend);
      |     ^^^^^^^^^^^^^^^^^^ Avoid calling setState() directly within an effect
  100 |     const models = getModelsForBackend(backend);
  101 |     setSelectedModel(models[0]!.id);
  102 |     const levels = getEffortLevelsForBackend(backend, models[0]!.id);  react-hooks/set-state-in-effect

/home/alex/github/remote-ai-manager/.worktrees/reorganize-codebase-fc34d2.pr-0-steering-update/src/features/session/hooks/use-collab-passage-visibility.ts
  13:7  error  Error: Calling setState synchronously within an effect can trigger cascading renders

Effects are intended to synchronize state between React and external systems such as manually updating the DOM, state management libraries, or other platform APIs. In general, the body of an effect should do one or both of the following:
* Update external systems with the latest state from React.
* Subscribe for updates from some external system, calling setState in a callback function when external state changes.

Calling setState synchronously within an effect body causes cascading renders that can hurt performance, and is not recommended. (https://react.dev/learn/you-might-not-need-an-effect).

/home/alex/github/remote-ai-manager/.worktrees/reorganize-codebase-fc34d2.pr-0-steering-update/src/features/session/hooks/use-collab-passage-visibility.ts:13:7
  11 |   useEffect(() => {
  12 |     if (!collabRowEl) {
> 13 |       setIsCollabPassageInView(false);
     |       ^^^^^^^^^^^^^^^^^^^^^^^^ Avoid calling setState() directly within an effect
  14 |       return;
  15 |     }
  16 |     const root = panelBodyRef.current;  react-hooks/set-state-in-effect

/home/alex/github/remote-ai-manager/.worktrees/reorganize-codebase-fc34d2.pr-0-steering-update/src/features/session/hooks/use-session-page-local-state.ts
  12:3  error  Error: Cannot access refs during render

React refs are values that are not needed for rendering. Refs should only be accessed outside of render, such as in event handlers or effects. Accessing a ref value (the `current` property) during render can cause your component not to update as expected (https://react.dev/reference/react/useRef).

/home/alex/github/remote-ai-manager/.worktrees/reorganize-codebase-fc34d2.pr-0-steering-update/src/features/session/hooks/use-session-page-local-state.ts:12:3
  10 |   const editorRef = useRef<PromptEditorHandle>(null);
  11 |   const promptTextRef = useRef(promptText);
> 12 |   promptTextRef.current = promptText;
     |   ^^^^^^^^^^^^^^^^^^^^^ Cannot update ref during render
  13 |   const fireAndForgetRef = useRef(false);
  14 |
  15 |   const [mobileSidebarOpen, setMobileSidebarOpen] = useState(false);  react-hooks/refs

✖ 3 problems (3 errors, 0 warnings)
