CC_PORT=3002
⚠ Warning: Next.js inferred your workspace root, but it may not be correct.
 We detected multiple lockfiles and selected the directory of /Users/alex/github/command-center/bun.lock as the root directory.
 To silence this warning, set `turbopack.root` in your Next.js config, or consider removing one of the lockfiles if it's not needed.
   See https://nextjs.org/docs/app/api-reference/config/next-config-js/turbopack#root-directory for more information.
 Detected additional lockfiles: 
   * /Users/alex/github/command-center/.worktrees/peek-replay-02e449.schema-and-deps-foundation/bun.lock

▲ Next.js 16.1.6 (Turbopack)
- Local:         http://localhost:3002
- Network:       http://192.168.1.167:3002
- Experiments (use with caution):
  · optimizePackageImports

✓ Starting...
✓ Ready in 2.6s
 GET / 307 in 2.1s (compile: 1785ms, render: 363ms)
 GET / 307 in 54ms (compile: 3ms, render: 51ms)
 GET /projects/command-center/Peek%20%26%20Replay/73ea91d1-b84f-4361-b2ab-3992bcfd65d5 200 in 1763ms (compile: 1074ms, render: 689ms)
 GET /projects/command-center/Peek%20%26%20Replay/73ea91d1-b84f-4361-b2ab-3992bcfd65d5 200 in 1634ms (compile: 944ms, render: 690ms)
 GET /projects/command-center/Peek%20%26%20Replay/73ea91d1-b84f-4361-b2ab-3992bcfd65d5 200 in 1597ms (compile: 906ms, render: 691ms)
 GET /projects/command-center/Peek%20%26%20Replay/73ea91d1-b84f-4361-b2ab-3992bcfd65d5 200 in 1765ms (compile: 1073ms, render: 692ms)
 GET /projects/command-center/Peek%20%26%20Replay/73ea91d1-b84f-4361-b2ab-3992bcfd65d5 200 in 1310ms (compile: 618ms, render: 693ms)
 GET /api/notifications 200 in 357ms (compile: 331ms, render: 25ms)
 GET /api/notifications 200 in 358ms (compile: 346ms, render: 12ms)
 GET /api/notifications 200 in 477ms (compile: 472ms, render: 5ms)
 GET /api/notifications 200 in 502ms (compile: 496ms, render: 7ms)
 GET /api/notifications 200 in 90ms (compile: 84ms, render: 6ms)
{"timestamp":"2026-05-28T21:33:47.391Z","level":"warn","module":"tracing","message":"request.complete","traceId":"d24c8c2e-f3e6-4d49-9729-a7a8d1b94386","projectName":"command-center","sessionName":"Peek & Replay","method":"GET","path":"/api/projects/command-center/sessions/Peek%20%26%20Replay/conversations","status":200,"durationMs":649}
{"timestamp":"2026-05-28T21:33:47.486Z","level":"warn","module":"tracing","message":"request.complete","traceId":"253305b3-b11a-4685-aac0-33eebfbeef0b","projectName":"command-center","sessionName":"Peek & Replay","method":"GET","path":"/api/projects/command-center/sessions/Peek%20%26%20Replay/conversations","status":200,"durationMs":743}
 GET /api/projects/command-center/sessions/Peek%20%26%20Replay/conversations 200 in 2.2s (compile: 1365ms, render: 823ms)
 GET /api/projects/command-center/sessions/Peek%20%26%20Replay/conversations 200 in 1619ms (compile: 795ms, render: 824ms)
 GET /api/projects/command-center/sessions/Peek%20%26%20Replay/conversations 200 in 1600ms (compile: 775ms, render: 825ms)
 GET /api/projects/command-center/sessions/Peek%20%26%20Replay/conversations 200 in 1589ms (compile: 760ms, render: 829ms)
 GET /api/projects/command-center/sessions/Peek%20%26%20Replay/conversations 200 in 1626ms (compile: 745ms, render: 881ms)
{"timestamp":"2026-05-28T21:33:48.137Z","level":"warn","module":"tracing","message":"request.complete","traceId":"32d19505-28c0-4a0b-b5f5-a1f1eb708abb","projectName":"command-center","sessionName":"Peek & Replay","method":"GET","path":"/api/projects/command-center/sessions/Peek%20%26%20Replay/collaboration","status":200,"durationMs":551}
 GET /api/projects/command-center/sessions/Peek%20%26%20Replay/collaboration?all=true 200 in 2.8s (compile: 2.2s, render: 565ms)
{"timestamp":"2026-05-28T21:33:48.156Z","level":"warn","module":"tracing","message":"request.complete","traceId":"b274f947-b766-4df7-b425-b21fbcc9e6a2","projectName":"command-center","sessionName":"Peek & Replay","method":"GET","path":"/api/projects/command-center/sessions/Peek%20%26%20Replay/collaboration","status":200,"durationMs":569}
 GET /api/projects/command-center/sessions/Peek%20%26%20Replay/collaboration?all=true 200 in 2.2s (compile: 1650ms, render: 584ms)
{"timestamp":"2026-05-28T21:33:48.175Z","level":"warn","module":"tracing","message":"request.complete","traceId":"4e8e1b77-e191-44cb-8c1a-a790ce6705b8","projectName":"command-center","sessionName":"Peek & Replay","method":"GET","path":"/api/projects/command-center/sessions/Peek%20%26%20Replay/collaboration","status":200,"durationMs":588}
 GET /api/projects/command-center/sessions/Peek%20%26%20Replay/collaboration?all=true 200 in 2.2s (compile: 1630ms, render: 602ms)
{"timestamp":"2026-05-28T21:33:48.193Z","level":"warn","module":"tracing","message":"request.complete","traceId":"0fb9723d-6958-4a35-a407-4f7138fd33ba","projectName":"command-center","sessionName":"Peek & Replay","method":"GET","path":"/api/projects/command-center/sessions/Peek%20%26%20Replay/collaboration","status":200,"durationMs":606}
 GET /api/projects/command-center/sessions/Peek%20%26%20Replay/collaboration?all=true 200 in 2.2s (compile: 1615ms, render: 621ms)
{"timestamp":"2026-05-28T21:33:48.234Z","level":"warn","module":"tracing","message":"request.complete","traceId":"184362a8-c8bc-4809-9eae-38d9dd3a60c2","projectName":"command-center","sessionName":"Peek & Replay","method":"GET","path":"/api/projects/command-center/sessions/Peek%20%26%20Replay/collaboration","status":200,"durationMs":647}
 GET /api/projects/command-center/sessions/Peek%20%26%20Replay/collaboration?all=true 200 in 2.3s (compile: 1600ms, render: 661ms)
 GET /api/projects/command-center/sessions/Peek%20%26%20Replay 200 in 2.9s (compile: 2.1s, render: 750ms)
 GET /api/projects/command-center/sessions/Peek%20%26%20Replay 200 in 2.3s (compile: 1547ms, render: 751ms)
 GET /api/projects/command-center/sessions/Peek%20%26%20Replay 200 in 2.3s (compile: 1531ms, render: 754ms)
{"timestamp":"2026-05-28T21:33:48.255Z","level":"warn","module":"tracing","message":"request.complete","traceId":"a05ae40f-e8ea-4a7a-a0df-a4aaa563684a","projectName":"command-center","sessionName":"Peek & Replay","method":"GET","path":"/api/projects/command-center/sessions/Peek%20%26%20Replay/commits","status":200,"durationMs":732}
 GET /api/projects/command-center/sessions/Peek%20%26%20Replay/commits 200 in 2.1s (compile: 1317ms, render: 743ms)
{"timestamp":"2026-05-28T21:33:48.258Z","level":"warn","module":"tracing","message":"request.complete","traceId":"882b4546-9cb9-410a-8c84-0a835d8e0d8d","projectName":"command-center","sessionName":"Peek & Replay","method":"GET","path":"/api/projects/command-center/sessions/Peek%20%26%20Replay/commits","status":200,"durationMs":735}
 GET /api/projects/command-center/sessions/Peek%20%26%20Replay/commits 200 in 2.1s (compile: 1323ms, render: 746ms)
{"timestamp":"2026-05-28T21:33:48.261Z","level":"warn","module":"tracing","message":"request.complete","traceId":"aa2d8ac4-035c-4147-9955-102508b50313","projectName":"command-center","sessionName":"Peek & Replay","method":"GET","path":"/api/projects/command-center/sessions/Peek%20%26%20Replay/commits","status":200,"durationMs":738}
 GET /api/projects/command-center/sessions/Peek%20%26%20Replay/commits 200 in 2.3s (compile: 1539ms, render: 749ms)
{"timestamp":"2026-05-28T21:33:48.263Z","level":"warn","module":"tracing","message":"request.complete","traceId":"2adc9fe6-35ed-4bb6-9de9-c53b0a4b1167","projectName":"command-center","sessionName":"Peek & Replay","method":"GET","path":"/api/projects/command-center/sessions/Peek%20%26%20Replay/commits","status":200,"durationMs":740}
 GET /api/projects/command-center/sessions/Peek%20%26%20Replay/commits 200 in 2.3s (compile: 1542ms, render: 751ms)
{"timestamp":"2026-05-28T21:33:48.266Z","level":"warn","module":"tracing","message":"request.complete","traceId":"9f28fb20-4bce-40b3-b5a1-c46f1b730567","projectName":"command-center","sessionName":"Peek & Replay","method":"GET","path":"/api/projects/command-center/sessions/Peek%20%26%20Replay/commits","status":200,"durationMs":743}
 GET /api/projects/command-center/sessions/Peek%20%26%20Replay/commits 200 in 2.3s (compile: 1556ms, render: 756ms)
 GET /api/projects/command-center/sessions/Peek%20%26%20Replay 200 in 2.4s (compile: 1567ms, render: 803ms)
 GET /api/projects/command-center/sessions/Peek%20%26%20Replay 200 in 2.3s (compile: 1517ms, render: 805ms)
 GET /api/voice/health 200 in 430ms (compile: 147ms, render: 283ms)
 GET /api/voice/health 200 in 431ms (compile: 153ms, render: 279ms)
 GET /api/voice/health 200 in 439ms (compile: 158ms, render: 280ms)
 GET /api/voice/health 200 in 436ms (compile: 202ms, render: 234ms)
 GET /api/voice/health 200 in 438ms (compile: 206ms, render: 233ms)
{"timestamp":"2026-05-28T21:33:49.112Z","level":"warn","module":"diff","message":"diff.compute.complete","traceId":"013ce775-67f2-41c4-8683-0a2fcde27af5","projectName":"command-center","sessionName":"Peek & Replay","worktreePath":"/Users/alex/github/command-center/.worktrees/peek-replay-02e449","fileCount":0,"durationMs":1190}
{"timestamp":"2026-05-28T21:33:49.113Z","level":"warn","module":"tracing","message":"request.complete","traceId":"013ce775-67f2-41c4-8683-0a2fcde27af5","projectName":"command-center","sessionName":"Peek & Replay","method":"GET","path":"/api/projects/command-center/sessions/Peek%20%26%20Replay/diff","status":200,"durationMs":1603}
 GET /api/projects/command-center/sessions/Peek%20%26%20Replay/diff 200 in 3.1s (compile: 1527ms, render: 1614ms)
{"timestamp":"2026-05-28T21:33:49.117Z","level":"warn","module":"diff","message":"diff.compute.complete","traceId":"973b68c1-de6e-4a91-9800-e120b090722a","projectName":"command-center","sessionName":"Peek & Replay","worktreePath":"/Users/alex/github/command-center/.worktrees/peek-replay-02e449","fileCount":0,"durationMs":1212}
{"timestamp":"2026-05-28T21:33:49.126Z","level":"warn","module":"tracing","message":"request.complete","traceId":"973b68c1-de6e-4a91-9800-e120b090722a","projectName":"command-center","sessionName":"Peek & Replay","method":"GET","path":"/api/projects/command-center/sessions/Peek%20%26%20Replay/diff","status":200,"durationMs":1616}
 GET /api/projects/command-center/sessions/Peek%20%26%20Replay/diff 200 in 3.2s (compile: 1542ms, render: 1627ms)
{"timestamp":"2026-05-28T21:33:49.128Z","level":"warn","module":"diff","message":"diff.compute.complete","traceId":"3a07c152-5ce7-4c7d-bfd9-d02845356019","projectName":"command-center","sessionName":"Peek & Replay","worktreePath":"/Users/alex/github/command-center/.worktrees/peek-replay-02e449","fileCount":0,"durationMs":1302}
{"timestamp":"2026-05-28T21:33:49.129Z","level":"warn","module":"tracing","message":"request.complete","traceId":"3a07c152-5ce7-4c7d-bfd9-d02845356019","projectName":"command-center","sessionName":"Peek & Replay","method":"GET","path":"/api/projects/command-center/sessions/Peek%20%26%20Replay/diff","status":200,"durationMs":1619}
 GET /api/projects/command-center/sessions/Peek%20%26%20Replay/diff 200 in 3.7s (compile: 2.1s, render: 1630ms)
{"timestamp":"2026-05-28T21:33:49.144Z","level":"warn","module":"diff","message":"diff.compute.complete","traceId":"a6ef840c-5379-4fae-85f3-3626160a23fe","projectName":"command-center","sessionName":"Peek & Replay","worktreePath":"/Users/alex/github/command-center/.worktrees/peek-replay-02e449","fileCount":0,"durationMs":1259}
{"timestamp":"2026-05-28T21:33:49.146Z","level":"warn","module":"tracing","message":"request.complete","traceId":"a6ef840c-5379-4fae-85f3-3626160a23fe","projectName":"command-center","sessionName":"Peek & Replay","method":"GET","path":"/api/projects/command-center/sessions/Peek%20%26%20Replay/diff","status":200,"durationMs":1636}
 GET /api/projects/command-center/sessions/Peek%20%26%20Replay/diff 200 in 3.2s (compile: 1557ms, render: 1647ms)
{"timestamp":"2026-05-28T21:33:49.150Z","level":"warn","module":"diff","message":"diff.compute.complete","traceId":"b883bdaa-ee72-4bd9-b7f3-bbf47a8b6c94","projectName":"command-center","sessionName":"Peek & Replay","worktreePath":"/Users/alex/github/command-center/.worktrees/peek-replay-02e449","fileCount":0,"durationMs":1288}
{"timestamp":"2026-05-28T21:33:49.157Z","level":"warn","module":"tracing","message":"request.complete","traceId":"b883bdaa-ee72-4bd9-b7f3-bbf47a8b6c94","projectName":"command-center","sessionName":"Peek & Replay","method":"GET","path":"/api/projects/command-center/sessions/Peek%20%26%20Replay/diff","status":200,"durationMs":1647}
 GET /api/projects/command-center/sessions/Peek%20%26%20Replay/diff 200 in 3.2s (compile: 1560ms, render: 1659ms)
{"timestamp":"2026-05-28T21:33:49.649Z","level":"warn","module":"tracing","message":"request.complete","traceId":"af5ee97d-9655-455f-b12d-692fed0ad239","projectName":"command-center","sessionName":"Peek & Replay","method":"GET","path":"/api/projects/command-center/sessions/Peek%20%26%20Replay/dev-servers","status":200,"durationMs":2112}
 GET /api/projects/command-center/sessions/Peek%20%26%20Replay/dev-servers 200 in 3.5s (compile: 1331ms, render: 2.1s)
{"timestamp":"2026-05-28T21:33:49.657Z","level":"warn","module":"tracing","message":"request.complete","traceId":"b8f1b638-11d9-469d-aed5-d23f2f13437c","projectName":"command-center","sessionName":"Peek & Replay","method":"GET","path":"/api/projects/command-center/sessions/Peek%20%26%20Replay/dev-servers","status":200,"durationMs":2120}
 GET /api/projects/command-center/sessions/Peek%20%26%20Replay/dev-servers 200 in 3.6s (compile: 1478ms, render: 2.1s)
{"timestamp":"2026-05-28T21:33:49.661Z","level":"warn","module":"tracing","message":"request.complete","traceId":"23d09690-c49a-4ada-9ca7-887d66ac821e","projectName":"command-center","sessionName":"Peek & Replay","method":"GET","path":"/api/projects/command-center/sessions/Peek%20%26%20Replay/dev-servers","status":200,"durationMs":2125}
 GET /api/projects/command-center/sessions/Peek%20%26%20Replay/dev-servers 200 in 3.7s (compile: 1551ms, render: 2.1s)
{"timestamp":"2026-05-28T21:33:49.666Z","level":"warn","module":"tracing","message":"request.complete","traceId":"63c96967-4081-47a9-b042-84f679de6857","projectName":"command-center","sessionName":"Peek & Replay","method":"GET","path":"/api/projects/command-center/sessions/Peek%20%26%20Replay/dev-servers","status":200,"durationMs":2129}
 GET /api/projects/command-center/sessions/Peek%20%26%20Replay/dev-servers 200 in 3.4s (compile: 1301ms, render: 2.1s)
{"timestamp":"2026-05-28T21:33:49.675Z","level":"warn","module":"tracing","message":"request.complete","traceId":"33cf0b77-2f84-464c-a8bd-2fad43aa4a33","projectName":"command-center","sessionName":"Peek & Replay","method":"GET","path":"/api/projects/command-center/sessions/Peek%20%26%20Replay/dev-servers","status":200,"durationMs":2138}
 GET /api/projects/command-center/sessions/Peek%20%26%20Replay/dev-servers 200 in 3.5s (compile: 1305ms, render: 2.2s)
 GET /api/projects/command-center/sessions/Peek%20%26%20Replay/reference-documents 200 in 1839ms (compile: 1748ms, render: 91ms)
 GET /api/projects/command-center/sessions/Peek%20%26%20Replay/reference-documents 200 in 1864ms (compile: 1747ms, render: 117ms)
 GET /api/projects/command-center/sessions/Peek%20%26%20Replay/reference-documents 200 in 1891ms (compile: 1744ms, render: 147ms)
 GET /api/projects/command-center/sessions/Peek%20%26%20Replay/reference-documents 200 in 1901ms (compile: 1725ms, render: 176ms)
 GET /api/projects/command-center/sessions/Peek%20%26%20Replay/reference-documents 200 in 1513ms (compile: 1312ms, render: 201ms)
 GET /api/projects/command-center/sessions/Peek%20%26%20Replay/conversations/73ea91d1-b84f-4361-b2ab-3992bcfd65d5/image-count 200 in 1567ms (compile: 1337ms, render: 230ms)
 GET /api/projects/command-center/sessions/Peek%20%26%20Replay/conversations/73ea91d1-b84f-4361-b2ab-3992bcfd65d5/image-count 200 in 1568ms (compile: 1336ms, render: 232ms)
 GET /api/projects/command-center/sessions/Peek%20%26%20Replay/conversations/73ea91d1-b84f-4361-b2ab-3992bcfd65d5/image-count 200 in 1571ms (compile: 1335ms, render: 236ms)
 GET /api/projects/command-center/sessions/Peek%20%26%20Replay/conversations/73ea91d1-b84f-4361-b2ab-3992bcfd65d5/image-count 200 in 1573ms (compile: 1334ms, render: 240ms)
 GET /api/projects/command-center/sessions/Peek%20%26%20Replay/conversations/73ea91d1-b84f-4361-b2ab-3992bcfd65d5/image-count 200 in 1581ms (compile: 1332ms, render: 249ms)
{"timestamp":"2026-05-28T21:33:50.847Z","level":"warn","module":"tracing","message":"request.complete","traceId":"d61253d6-b0d8-4554-9431-dd91ddc32e7a","projectName":"command-center","sessionName":"Peek & Replay","method":"GET","path":"/api/projects/command-center/sessions/Peek%20%26%20Replay/dev-servers","status":200,"durationMs":1064}
 GET /api/projects/command-center/sessions/Peek%20%26%20Replay/dev-servers 200 in 1090ms (compile: 21ms, render: 1069ms)
 GET /api/projects/command-center/sessions/Peek%20%26%20Replay/conversations/73ea91d1-b84f-4361-b2ab-3992bcfd65d5/messages 200 in 1633ms (compile: 1435ms, render: 199ms)
 GET /api/projects/command-center/sessions/Peek%20%26%20Replay/conversations/73ea91d1-b84f-4361-b2ab-3992bcfd65d5/messages 200 in 1635ms (compile: 1434ms, render: 202ms)
 GET /api/projects/command-center/sessions/Peek%20%26%20Replay/conversations/73ea91d1-b84f-4361-b2ab-3992bcfd65d5/messages 200 in 1638ms (compile: 1433ms, render: 205ms)
 GET /api/projects/command-center/sessions/Peek%20%26%20Replay/conversations/73ea91d1-b84f-4361-b2ab-3992bcfd65d5/messages 200 in 1646ms (compile: 1432ms, render: 214ms)
{"timestamp":"2026-05-28T21:33:50.945Z","level":"warn","module":"tracing","message":"request.complete","traceId":"e4f122f9-bdbb-47b3-a885-75cfdc54a4d4","projectName":"command-center","sessionName":"Peek & Replay","method":"GET","path":"/api/projects/command-center/sessions/Peek%20%26%20Replay/dev-servers","status":200,"durationMs":1130}
 GET /api/projects/command-center/sessions/Peek%20%26%20Replay/dev-servers 200 in 1155ms (compile: 20ms, render: 1135ms)
{"timestamp":"2026-05-28T21:33:50.947Z","level":"warn","module":"tracing","message":"request.complete","traceId":"77df17aa-1309-4ac7-a848-c25bd2d0b989","projectName":"command-center","sessionName":"Peek & Replay","method":"GET","path":"/api/projects/command-center/sessions/Peek%20%26%20Replay/dev-servers","status":200,"durationMs":1121}
 GET /api/projects/command-center/sessions/Peek%20%26%20Replay/dev-servers 200 in 1156ms (compile: 24ms, render: 1131ms)
{"timestamp":"2026-05-28T21:33:50.960Z","level":"warn","module":"tracing","message":"request.complete","traceId":"f4d55720-638a-4cea-a145-64e1180d1894","projectName":"command-center","sessionName":"Peek & Replay","method":"GET","path":"/api/projects/command-center/sessions/Peek%20%26%20Replay/dev-servers","status":200,"durationMs":1079}
 GET /api/projects/command-center/sessions/Peek%20%26%20Replay/dev-servers 200 in 1162ms (compile: 81ms, render: 1081ms)
{"timestamp":"2026-05-28T21:33:50.997Z","level":"warn","module":"tracing","message":"request.complete","traceId":"d2f04b53-3252-4116-9950-c26bdbfe4b54","projectName":"command-center","sessionName":"Peek & Replay","method":"GET","path":"/api/projects/command-center/sessions/Peek%20%26%20Replay/dev-servers","status":200,"durationMs":1222}
 GET /api/projects/command-center/sessions/Peek%20%26%20Replay/dev-servers 200 in 1250ms (compile: 17ms, render: 1233ms)
{"timestamp":"2026-05-28T21:33:51.075Z","level":"warn","module":"tracing","message":"request.complete","traceId":"bb0f2aad-36a1-4c57-9640-1e6f21f02d0c","projectName":"command-center","sessionName":"Peek & Replay","method":"GET","path":"/api/projects/command-center/sessions/Peek%20%26%20Replay/dev-servers","status":200,"durationMs":1184}
 GET /api/projects/command-center/sessions/Peek%20%26%20Replay/dev-servers 200 in 1275ms (compile: 83ms, render: 1192ms)
{"timestamp":"2026-05-28T21:33:51.079Z","level":"warn","module":"tracing","message":"request.complete","traceId":"ef37cb36-4e92-46a9-9a95-756daf15be18","projectName":"command-center","sessionName":"Peek & Replay","method":"GET","path":"/api/projects/command-center/sessions/Peek%20%26%20Replay/dev-servers","status":200,"durationMs":1153}
 GET /api/projects/command-center/sessions/Peek%20%26%20Replay/dev-servers 200 in 1254ms (compile: 96ms, render: 1157ms)
{"timestamp":"2026-05-28T21:33:51.310Z","level":"warn","module":"tracing","message":"request.complete","traceId":"9cf8cc04-4bdc-46e6-a79d-d3f16c19628e","projectName":"command-center","sessionName":"Peek & Replay","method":"GET","path":"/api/projects/command-center/sessions/Peek%20%26%20Replay/dev-servers","status":200,"durationMs":789}
 GET /api/projects/command-center/sessions/Peek%20%26%20Replay/dev-servers 200 in 835ms (compile: 41ms, render: 795ms)
{"timestamp":"2026-05-28T21:33:51.317Z","level":"warn","module":"tracing","message":"request.complete","traceId":"186d5685-ed95-46b0-9dfb-7c2d1e0b54b7","projectName":"command-center","sessionName":"Peek & Replay","method":"GET","path":"/api/projects/command-center/sessions/Peek%20%26%20Replay/dev-servers","status":200,"durationMs":792}
 GET /api/projects/command-center/sessions/Peek%20%26%20Replay/dev-servers 200 in 842ms (compile: 47ms, render: 795ms)
{"timestamp":"2026-05-28T21:33:51.575Z","level":"warn","module":"tracing","message":"request.complete","traceId":"e13ceabb-cf1d-4321-929e-df5ee2b8d74b","projectName":"command-center","sessionName":"Peek & Replay","method":"GET","path":"/api/projects/command-center/sessions/Peek%20%26%20Replay/dev-servers","status":200,"durationMs":746}
 GET /api/projects/command-center/sessions/Peek%20%26%20Replay/dev-servers 200 in 879ms (compile: 129ms, render: 749ms)
 HEAD / 307 in 87ms (compile: 8ms, render: 79ms)
 GET /api/voice/health 200 in 17ms (compile: 3ms, render: 14ms)
 GET /api/voice/health 200 in 21ms (compile: 10ms, render: 11ms)
 GET /api/voice/health 200 in 13ms (compile: 8ms, render: 5ms)
 GET /api/voice/health 200 in 11ms (compile: 1514µs, render: 9ms)
 GET /api/voice/health 200 in 6ms (compile: 1781µs, render: 5ms)
 GET /api/voice/health 200 in 15ms (compile: 3ms, render: 12ms)
 GET /api/voice/health 200 in 10ms (compile: 4ms, render: 6ms)
 GET /api/voice/health 200 in 10ms (compile: 6ms, render: 4ms)
 GET /api/voice/health 200 in 5ms (compile: 1487µs, render: 4ms)
 GET /api/voice/health 200 in 8ms (compile: 3ms, render: 5ms)
 GET /api/voice/health 200 in 55ms (compile: 39ms, render: 16ms)
 GET /api/voice/health 200 in 29ms (compile: 10ms, render: 19ms)
 GET /api/voice/health 200 in 32ms (compile: 13ms, render: 19ms)
 GET /api/voice/health 200 in 27ms (compile: 15ms, render: 12ms)
 GET /api/voice/health 200 in 12ms (compile: 2ms, render: 10ms)
 GET /api/voice/health 200 in 10ms (compile: 3ms, render: 7ms)
 GET /api/voice/health 200 in 6ms (compile: 2ms, render: 4ms)
 GET /api/voice/health 200 in 5ms (compile: 1444µs, render: 4ms)
 GET /api/voice/health 200 in 10ms (compile: 1434µs, render: 9ms)
 GET /api/voice/health 200 in 6ms (compile: 1306µs, render: 5ms)
 GET /api/voice/health 200 in 7ms (compile: 3ms, render: 4ms)
 GET /api/voice/health 200 in 9ms (compile: 5ms, render: 4ms)
 GET /api/voice/health 200 in 10ms (compile: 1359µs, render: 9ms)
 GET /api/voice/health 200 in 10ms (compile: 1773µs, render: 8ms)
 GET /api/voice/health 200 in 6ms (compile: 2ms, render: 4ms)
 GET /api/voice/health 200 in 32ms (compile: 7ms, render: 25ms)
 GET /api/voice/health 200 in 27ms (compile: 13ms, render: 15ms)
 GET /api/voice/health 200 in 17ms (compile: 4ms, render: 13ms)
 GET /api/voice/health 200 in 6ms (compile: 1855µs, render: 4ms)
 GET /api/voice/health 200 in 13ms (compile: 3ms, render: 10ms)
 GET /api/voice/health 200 in 15ms (compile: 3ms, render: 12ms)
 GET /api/voice/health 200 in 8ms (compile: 1909µs, render: 6ms)
 GET /api/voice/health 200 in 5ms (compile: 1723µs, render: 3ms)
 GET /api/voice/health 200 in 11ms (compile: 6ms, render: 4ms)
 GET /api/voice/health 200 in 10ms (compile: 1278µs, render: 9ms)
 GET /api/voice/health 200 in 54ms (compile: 21ms, render: 33ms)
 GET /api/voice/health 200 in 32ms (compile: 16ms, render: 16ms)
 GET /api/voice/health 200 in 40ms (compile: 14ms, render: 26ms)
 GET /api/voice/health 200 in 28ms (compile: 11ms, render: 17ms)
 GET /api/voice/health 200 in 14ms (compile: 9ms, render: 5ms)
 GET /api/voice/health 200 in 75ms (compile: 17ms, render: 58ms)
 GET /api/voice/health 200 in 20ms (compile: 13ms, render: 7ms)
 GET /api/voice/health 200 in 49ms (compile: 10ms, render: 39ms)
 GET /api/voice/health 200 in 51ms (compile: 22ms, render: 29ms)
 GET /api/voice/health 200 in 13ms (compile: 2ms, render: 11ms)
 GET /api/voice/health 200 in 60ms (compile: 13ms, render: 48ms)
 GET /api/voice/health 200 in 41ms (compile: 23ms, render: 18ms)
 GET /api/voice/health 200 in 33ms (compile: 15ms, render: 17ms)
 GET /api/voice/health 200 in 91ms (compile: 19ms, render: 72ms)
 GET /api/voice/health 200 in 20ms (compile: 4ms, render: 16ms)
 GET /api/voice/health 200 in 38ms (compile: 5ms, render: 33ms)
 GET /api/voice/health 200 in 30ms (compile: 18ms, render: 12ms)
 GET /api/voice/health 200 in 35ms (compile: 3ms, render: 32ms)
 GET /api/voice/health 200 in 16ms (compile: 12ms, render: 5ms)
 GET /api/voice/health 200 in 9ms (compile: 3ms, render: 6ms)
 GET /api/voice/health 200 in 65ms (compile: 10ms, render: 55ms)
 GET /api/voice/health 200 in 32ms (compile: 24ms, render: 8ms)
 GET /api/voice/health 200 in 26ms (compile: 10ms, render: 16ms)
 GET /api/voice/health 200 in 23ms (compile: 8ms, render: 15ms)
 GET /api/voice/health 200 in 14ms (compile: 2ms, render: 12ms)
 GET /api/voice/health 200 in 25ms (compile: 10ms, render: 15ms)
 GET /api/voice/health 200 in 22ms (compile: 10ms, render: 12ms)
 GET /api/voice/health 200 in 8ms (compile: 2ms, render: 6ms)
 GET /api/voice/health 200 in 13ms (compile: 10ms, render: 4ms)
 GET /api/voice/health 200 in 7ms (compile: 3ms, render: 4ms)
 GET /api/voice/health 200 in 36ms (compile: 3ms, render: 33ms)
 GET /api/voice/health 200 in 14ms (compile: 2ms, render: 12ms)
 GET /api/voice/health 200 in 34ms (compile: 4ms, render: 30ms)
 GET /api/voice/health 200 in 13ms (compile: 1853µs, render: 11ms)
 GET /api/voice/health 200 in 13ms (compile: 2ms, render: 10ms)
 GET /api/voice/health 200 in 89ms (compile: 56ms, render: 33ms)
 GET /api/voice/health 200 in 27ms (compile: 12ms, render: 15ms)
 GET /api/voice/health 200 in 17ms (compile: 10ms, render: 7ms)
 GET /api/voice/health 200 in 50ms (compile: 9ms, render: 41ms)
 GET /api/voice/health 200 in 13ms (compile: 7ms, render: 6ms)
 GET /projects/command-center/Peek%20%26%20Replay/73ea91d1-b84f-4361-b2ab-3992bcfd65d5 200 in 994ms (compile: 34ms, render: 960ms)
 GET /api/notifications 200 in 19ms (compile: 5ms, render: 14ms)
 GET /api/projects/command-center/sessions/Peek%20%26%20Replay/collaboration?all=true 200 in 411ms (compile: 38ms, render: 372ms)
 GET /api/projects/command-center/sessions/Peek%20%26%20Replay 200 in 464ms (compile: 15ms, render: 449ms)
 GET /api/projects/command-center/sessions/Peek%20%26%20Replay/conversations 200 in 529ms (compile: 30ms, render: 499ms)
{"timestamp":"2026-05-28T21:41:23.294Z","level":"warn","module":"tracing","message":"request.complete","traceId":"6f6c2af1-38c3-4a3c-b647-9b7a107e0550","projectName":"command-center","sessionName":"Peek & Replay","conversationId":"73ea91d1-b84f-4361-b2ab-3992bcfd65d5","method":"GET","path":"/api/projects/command-center/sessions/Peek%20%26%20Replay/conversations/73ea91d1-b84f-4361-b2ab-3992bcfd65d5/messages","status":200,"durationMs":573}
 GET /api/projects/command-center/sessions/Peek%20%26%20Replay/conversations/73ea91d1-b84f-4361-b2ab-3992bcfd65d5/messages 200 in 633ms (compile: 51ms, render: 582ms)
{"timestamp":"2026-05-28T21:41:23.410Z","level":"warn","module":"tracing","message":"request.complete","traceId":"e5f12c77-4789-49b4-8af6-39ed05f54f11","projectName":"command-center","sessionName":"Peek & Replay","method":"GET","path":"/api/projects/command-center/sessions/Peek%20%26%20Replay/commits","status":200,"durationMs":645}
 GET /api/projects/command-center/sessions/Peek%20%26%20Replay/commits 200 in 729ms (compile: 69ms, render: 660ms)
 GET /api/voice/health 200 in 247ms (compile: 34ms, render: 213ms)
 GET /api/projects/command-center/sessions/Peek%20%26%20Replay/reference-documents 200 in 332ms (compile: 60ms, render: 273ms)
 GET /api/conversations/active 200 in 818ms (compile: 287ms, render: 531ms)
{"timestamp":"2026-05-28T21:41:24.653Z","level":"warn","module":"tracing","message":"request.complete","traceId":"893ee19e-e908-439b-ab09-ce56e9065742","projectName":"command-center","sessionName":"Peek & Replay","conversationId":"73ea91d1-b84f-4361-b2ab-3992bcfd65d5","method":"GET","path":"/api/projects/command-center/sessions/Peek%20%26%20Replay/conversations/73ea91d1-b84f-4361-b2ab-3992bcfd65d5/image-count","status":200,"durationMs":1220}
 GET /api/projects/command-center/sessions/Peek%20%26%20Replay/conversations/73ea91d1-b84f-4361-b2ab-3992bcfd65d5/image-count 200 in 1281ms (compile: 45ms, render: 1237ms)
{"timestamp":"2026-05-28T21:41:24.782Z","level":"warn","module":"diff","message":"diff.compute.complete","traceId":"b9c0b0fe-abdb-4ddf-af22-7455d3541c15","projectName":"command-center","sessionName":"Peek & Replay","worktreePath":"/Users/alex/github/command-center/.worktrees/peek-replay-02e449","fileCount":0,"durationMs":1600}
{"timestamp":"2026-05-28T21:41:24.783Z","level":"warn","module":"tracing","message":"request.complete","traceId":"b9c0b0fe-abdb-4ddf-af22-7455d3541c15","projectName":"command-center","sessionName":"Peek & Replay","method":"GET","path":"/api/projects/command-center/sessions/Peek%20%26%20Replay/diff","status":200,"durationMs":2037}
 GET /api/projects/command-center/sessions/Peek%20%26%20Replay/diff 200 in 2.1s (compile: 53ms, render: 2.0s)
{"timestamp":"2026-05-28T21:41:25.634Z","level":"warn","module":"tracing","message":"request.complete","traceId":"1949a3bc-f932-4abe-8780-7ba679ece6c0","projectName":"command-center","sessionName":"Peek & Replay","method":"GET","path":"/api/projects/command-center/sessions/Peek%20%26%20Replay/dev-servers","status":200,"durationMs":2271}
 GET /api/projects/command-center/sessions/Peek%20%26%20Replay/dev-servers 200 in 2.3s (compile: 21ms, render: 2.3s)
 GET /api/voice/health 200 in 21ms (compile: 6ms, render: 15ms)
 GET /api/voice/health 200 in 16ms (compile: 7ms, render: 10ms)
 GET /api/voice/health 200 in 9ms (compile: 4ms, render: 5ms)
 GET /api/voice/health 200 in 16ms (compile: 9ms, render: 7ms)
 GET /api/voice/health 200 in 15ms (compile: 5ms, render: 10ms)
 GET /api/voice/health 200 in 15ms (compile: 8ms, render: 8ms)
 GET /api/projects/command-center/sessions/Peek%20%26%20Replay/conversations/c89437aa-fa0a-45cb-bfa7-840f02547773/messages 200 in 68ms (compile: 11ms, render: 58ms)
 GET /api/voice/health 200 in 158ms (compile: 79ms, render: 78ms)
 GET /api/voice/health 200 in 165ms (compile: 103ms, render: 62ms)
 GET /api/voice/health 200 in 83ms (compile: 31ms, render: 52ms)
 GET /api/voice/health 200 in 69ms (compile: 40ms, render: 29ms)
 GET /api/voice/health 200 in 105ms (compile: 44ms, render: 61ms)
 GET /api/voice/health 200 in 23ms (compile: 6ms, render: 17ms)
 GET /api/voice/health 200 in 110ms (compile: 18ms, render: 92ms)
 GET /api/voice/health 200 in 57ms (compile: 35ms, render: 22ms)
 GET /api/voice/health 200 in 52ms (compile: 17ms, render: 36ms)
 GET /api/voice/health 200 in 132ms (compile: 17ms, render: 115ms)
 GET /api/voice/health 200 in 81ms (compile: 35ms, render: 45ms)
 GET /api/voice/health 200 in 217ms (compile: 18ms, render: 199ms)
 GET /api/projects/command-center/sessions/Peek%20%26%20Replay/conversations/c89437aa-fa0a-45cb-bfa7-840f02547773/messages 200 in 152ms (compile: 21ms, render: 131ms)
 GET /api/voice/health 200 in 163ms (compile: 18ms, render: 144ms)
 GET /api/voice/health 200 in 71ms (compile: 39ms, render: 32ms)
 GET /api/voice/health 200 in 150ms (compile: 31ms, render: 119ms)
 GET /api/voice/health 200 in 145ms (compile: 34ms, render: 111ms)
 GET /api/voice/health 200 in 49ms (compile: 11ms, render: 38ms)
 GET /api/voice/health 200 in 51ms (compile: 15ms, render: 35ms)
○ Compiling /api/projects/[name]/sessions/[session]/conversations/[conversationId]/prompt ...
{"timestamp":"2026-05-28T21:43:38.581Z","level":"warn","module":"state-store","message":"state.mutate.complete","traceId":"80dfc5a3-255a-414b-8429-577bce0afddf","action":"peek-reply","projectName":"command-center","sessionName":"Peek & Replay","conversationId":"c89437aa-fa0a-45cb-bfa7-840f02547773","label":"conversation-manager.syncDerived","durationMs":4621}
{"timestamp":"2026-05-28T21:43:43.923Z","level":"warn","module":"state-store","message":"state.mutate.complete","traceId":"80dfc5a3-255a-414b-8429-577bce0afddf","action":"peek-reply","projectName":"command-center","sessionName":"Peek & Replay","conversationId":"c89437aa-fa0a-45cb-bfa7-840f02547773","label":"conversation-manager.syncDerived","durationMs":5025}
 GET /api/conversations/active 200 in 507ms (compile: 24ms, render: 483ms)
{"timestamp":"2026-05-28T21:43:45.330Z","level":"warn","module":"tracing","message":"request.complete","traceId":"39cb7cbb-6d48-4838-8619-aedc61682aa9","projectName":"command-center","sessionName":"Peek & Replay","method":"GET","path":"/api/projects/command-center/sessions/Peek%20%26%20Replay","status":200,"durationMs":768}
 GET /api/projects/command-center/sessions/Peek%20%26%20Replay 200 in 982ms (compile: 66ms, render: 916ms)
{"timestamp":"2026-05-28T21:43:45.596Z","level":"warn","module":"tracing","message":"request.complete","traceId":"d583bb73-3780-444a-8457-0c341a163d08","projectName":"command-center","sessionName":"Peek & Replay","method":"GET","path":"/api/projects/command-center/sessions/Peek%20%26%20Replay","status":200,"durationMs":504}
{"timestamp":"2026-05-28T21:43:45.748Z","level":"warn","module":"tracing","message":"request.complete","traceId":"704623ab-8117-4f4e-989d-cdac314ecda4","projectName":"command-center","sessionName":"Peek & Replay","method":"GET","path":"/api/projects/command-center/sessions/Peek%20%26%20Replay","status":200,"durationMs":621}
 GET /api/projects/command-center/sessions/Peek%20%26%20Replay 200 in 895ms (compile: 179ms, render: 716ms)
{"timestamp":"2026-05-28T21:43:45.928Z","level":"warn","module":"tracing","message":"request.complete","traceId":"70a604ef-9af6-45d9-8958-a4488b2efc46","projectName":"command-center","sessionName":"Peek & Replay","method":"GET","path":"/api/projects/command-center/sessions/Peek%20%26%20Replay","status":200,"durationMs":580}
 GET /api/projects/command-center/sessions/Peek%20%26%20Replay 200 in 893ms (compile: 51ms, render: 841ms)
{"timestamp":"2026-05-28T21:43:45.960Z","level":"warn","module":"tracing","message":"request.complete","traceId":"bd40635b-2781-482e-84fa-c21f69899299","projectName":"command-center","sessionName":"Peek & Replay","conversationId":"c89437aa-fa0a-45cb-bfa7-840f02547773","method":"GET","path":"/api/projects/command-center/sessions/Peek%20%26%20Replay/conversations/c89437aa-fa0a-45cb-bfa7-840f02547773/messages","status":200,"durationMs":981}
 GET /api/projects/command-center/sessions/Peek%20%26%20Replay/conversations/c89437aa-fa0a-45cb-bfa7-840f02547773/messages 200 in 1453ms (compile: 451ms, render: 1002ms)
{"timestamp":"2026-05-28T21:43:46.165Z","level":"warn","module":"tracing","message":"request.complete","traceId":"d9e06c0f-9156-4905-ba59-29e19d5f8c47","projectName":"command-center","sessionName":"Peek & Replay","method":"GET","path":"/api/projects/command-center/sessions/Peek%20%26%20Replay","status":200,"durationMs":706}
 GET /api/projects/command-center/sessions/Peek%20%26%20Replay 200 in 1152ms (compile: 304ms, render: 848ms)
 GET /api/voice/health 200 in 865ms (compile: 167ms, render: 698ms)
{"timestamp":"2026-05-28T21:43:46.779Z","level":"warn","module":"project-resolver","message":"project-resolver.resolve.complete","traceId":"792d6b6c-9b25-4fc2-9d2f-98784d5255de","projectName":"command-center","sessionName":"Peek & Replay","durationMs":1012}
{"timestamp":"2026-05-28T21:43:46.914Z","level":"warn","module":"tracing","message":"request.complete","traceId":"792d6b6c-9b25-4fc2-9d2f-98784d5255de","projectName":"command-center","sessionName":"Peek & Replay","method":"GET","path":"/api/projects/command-center/sessions/Peek%20%26%20Replay","status":200,"durationMs":1148}
 GET /api/projects/command-center/sessions/Peek%20%26%20Replay 200 in 1823ms (compile: 241ms, render: 1582ms)
 GET /api/voice/health 200 in 1329ms (compile: 176ms, render: 1153ms)
 GET /api/projects/command-center/sessions/Peek%20%26%20Replay 200 in 1467ms (compile: 297ms, render: 1169ms)
 GET /api/voice/health 200 in 1189ms (compile: 182ms, render: 1006ms)
 GET /api/voice/health 200 in 1028ms (compile: 258ms, render: 770ms)
 GET /api/voice/health 200 in 781ms (compile: 51ms, render: 730ms)
 GET /api/voice/health 200 in 60ms (compile: 18ms, render: 42ms)
 GET /api/conversations/active 200 in 270ms (compile: 17ms, render: 252ms)
{"timestamp":"2026-05-28T21:43:59.376Z","level":"warn","module":"tracing","message":"request.complete","traceId":"847261a5-9243-4dc9-a9cd-279bc387570f","projectName":"command-center","sessionName":"Peek & Replay","conversationId":"c89437aa-fa0a-45cb-bfa7-840f02547773","method":"GET","path":"/api/projects/command-center/sessions/Peek%20%26%20Replay/conversations/c89437aa-fa0a-45cb-bfa7-840f02547773/messages","status":200,"durationMs":631}
 GET /api/projects/command-center/sessions/Peek%20%26%20Replay/conversations/c89437aa-fa0a-45cb-bfa7-840f02547773/messages 200 in 789ms (compile: 91ms, render: 698ms)
 GET /api/voice/health 200 in 223ms (compile: 31ms, render: 192ms)
 GET /api/voice/health 200 in 178ms (compile: 70ms, render: 108ms)
 GET /api/voice/health 200 in 122ms (compile: 86ms, render: 36ms)
 GET /api/voice/health 200 in 285ms (compile: 65ms, render: 220ms)
 GET /api/voice/health 200 in 190ms (compile: 41ms, render: 148ms)
 GET /api/voice/health 200 in 62ms (compile: 13ms, render: 49ms)
{"timestamp":"2026-05-28T21:44:45.815Z","level":"warn","module":"state-store","message":"state.mutate.complete","traceId":"35eda095-be08-423c-9250-2d735cffc9c2","projectName":"command-center","sessionName":"Peek & Replay","label":"createConversation","durationMs":4455}
{"timestamp":"2026-05-28T21:44:45.827Z","level":"warn","module":"tracing","message":"request.complete","traceId":"35eda095-be08-423c-9250-2d735cffc9c2","projectName":"command-center","sessionName":"Peek & Replay","method":"POST","path":"/api/projects/command-center/sessions/Peek%20%26%20Replay/conversations","status":201,"durationMs":4648}
 POST /api/projects/command-center/sessions/Peek%20%26%20Replay/conversations 201 in 4.8s (compile: 36ms, render: 4.7s)
{"timestamp":"2026-05-28T21:44:50.145Z","level":"warn","module":"state-store","message":"state.mutate.complete","traceId":"80dfc5a3-255a-414b-8429-577bce0afddf","action":"peek-reply","projectName":"command-center","sessionName":"Peek & Replay","conversationId":"c89437aa-fa0a-45cb-bfa7-840f02547773","label":"prompt.seedMcpRuntime","durationMs":4216}
{"timestamp":"2026-05-28T21:44:54.009Z","level":"warn","module":"state-store","message":"state.mutate.complete","traceId":"80dfc5a3-255a-414b-8429-577bce0afddf","action":"peek-reply","projectName":"command-center","sessionName":"Peek & Replay","conversationId":"c89437aa-fa0a-45cb-bfa7-840f02547773","label":"prompt.seedCapabilityRuntime","durationMs":3861}
 GET /api/conversations/active 200 in 545ms (compile: 53ms, render: 492ms)
 GET /api/voice/health 200 in 804ms (compile: 519ms, render: 285ms)
 GET /api/voice/health 200 in 317ms (compile: 100ms, render: 218ms)
 GET /api/voice/health 200 in 260ms (compile: 48ms, render: 212ms)
 GET /api/voice/health 200 in 234ms (compile: 51ms, render: 183ms)
 GET /api/voice/health 200 in 208ms (compile: 66ms, render: 143ms)
 GET /api/voice/health 200 in 154ms (compile: 39ms, render: 115ms)
{"timestamp":"2026-05-28T21:45:03.708Z","level":"warn","module":"state-store","message":"state.mutate.complete","traceId":"80dfc5a3-255a-414b-8429-577bce0afddf","action":"peek-reply","projectName":"command-center","sessionName":"Peek & Replay","conversationId":"c89437aa-fa0a-45cb-bfa7-840f02547773","label":"conversation-manager.syncDerived","durationMs":3949}
 POST /api/projects/command-center/sessions/Peek%20%26%20Replay/conversations/c89437aa-fa0a-45cb-bfa7-840f02547773/prompt 200 in 101s (compile: 10.5s, render: 90s)
{"timestamp":"2026-05-28T21:45:07.488Z","level":"warn","module":"state-store","message":"state.mutate.complete","traceId":"80dfc5a3-255a-414b-8429-577bce0afddf","action":"peek-reply","projectName":"command-center","sessionName":"Peek & Replay","conversationId":"c89437aa-fa0a-45cb-bfa7-840f02547773","label":"conversation-persistence.save","durationMs":3743}
 GET /api/conversations/active 200 in 504ms (compile: 42ms, render: 462ms)
{"timestamp":"2026-05-28T21:45:08.856Z","level":"warn","module":"tracing","message":"request.complete","traceId":"deacec90-a6a2-46b7-b5fa-b18dfc783625","projectName":"command-center","sessionName":"Peek & Replay","method":"GET","path":"/api/projects/command-center/sessions/Peek%20%26%20Replay","status":200,"durationMs":611}
{"timestamp":"2026-05-28T21:45:09.196Z","level":"warn","module":"tracing","message":"request.complete","traceId":"407819d2-5434-4e2b-8d06-7dff85894a40","projectName":"command-center","sessionName":"Peek & Replay","method":"GET","path":"/api/projects/command-center/sessions/Peek%20%26%20Replay","status":200,"durationMs":885}
 GET /api/projects/command-center/sessions/Peek%20%26%20Replay 200 in 1154ms (compile: 123ms, render: 1031ms)
{"timestamp":"2026-05-28T21:45:09.660Z","level":"warn","module":"tracing","message":"request.complete","traceId":"9dece26c-6b3f-43fd-b38f-b0c9de0f2cfa","projectName":"command-center","sessionName":"Peek & Replay","method":"GET","path":"/api/projects/command-center/sessions/Peek%20%26%20Replay","status":200,"durationMs":1302}
 GET /api/projects/command-center/sessions/Peek%20%26%20Replay 200 in 1520ms (compile: 100ms, render: 1420ms)
{"timestamp":"2026-05-28T21:45:09.725Z","level":"warn","module":"transcript","message":"transcript.read.complete","traceId":"91a27e6a-b422-4919-84e5-482a169732fa","projectName":"command-center","sessionName":"Peek & Replay","conversationId":"c89437aa-fa0a-45cb-bfa7-840f02547773","messageCount":2,"durationMs":1198}
{"timestamp":"2026-05-28T21:45:09.727Z","level":"warn","module":"tracing","message":"request.complete","traceId":"91a27e6a-b422-4919-84e5-482a169732fa","projectName":"command-center","sessionName":"Peek & Replay","conversationId":"c89437aa-fa0a-45cb-bfa7-840f02547773","method":"GET","path":"/api/projects/command-center/sessions/Peek%20%26%20Replay/conversations/c89437aa-fa0a-45cb-bfa7-840f02547773/messages","status":200,"durationMs":1566}
 GET /api/projects/command-center/sessions/Peek%20%26%20Replay/conversations/c89437aa-fa0a-45cb-bfa7-840f02547773/messages 200 in 1669ms (compile: 70ms, render: 1600ms)
{"timestamp":"2026-05-28T21:45:09.747Z","level":"warn","module":"project-resolver","message":"project-resolver.resolve.complete","traceId":"6d705389-bc62-4def-9b81-3cf3ffcaa348","projectName":"command-center","sessionName":"Peek & Replay","durationMs":1200}
{"timestamp":"2026-05-28T21:45:10.039Z","level":"warn","module":"tracing","message":"request.complete","traceId":"6d705389-bc62-4def-9b81-3cf3ffcaa348","projectName":"command-center","sessionName":"Peek & Replay","method":"GET","path":"/api/projects/command-center/sessions/Peek%20%26%20Replay","status":200,"durationMs":1493}
 GET /api/projects/command-center/sessions/Peek%20%26%20Replay 200 in 1787ms (compile: 71ms, render: 1716ms)
 GET /api/projects/command-center/sessions/Peek%20%26%20Replay 200 in 1758ms (compile: 211ms, render: 1546ms)
{"timestamp":"2026-05-28T21:45:10.090Z","level":"warn","module":"project-resolver","message":"project-resolver.resolve.complete","traceId":"13ea3a00-31ff-4b36-a5df-6e3fe2a6cf8f","projectName":"command-center","sessionName":"Peek & Replay","durationMs":1178}
{"timestamp":"2026-05-28T21:45:10.578Z","level":"warn","module":"tracing","message":"request.complete","traceId":"13ea3a00-31ff-4b36-a5df-6e3fe2a6cf8f","projectName":"command-center","sessionName":"Peek & Replay","method":"GET","path":"/api/projects/command-center/sessions/Peek%20%26%20Replay","status":200,"durationMs":1669}
{"timestamp":"2026-05-28T21:45:10.808Z","level":"warn","module":"tracing","message":"request.complete","traceId":"cc57a497-2b38-4a67-b817-089a5e540a58","projectName":"command-center","sessionName":"Peek & Replay","method":"GET","path":"/api/projects/command-center/sessions/Peek%20%26%20Replay","status":200,"durationMs":1102}
 GET /api/projects/command-center/sessions/Peek%20%26%20Replay 200 in 2.4s (compile: 513ms, render: 1928ms)
 GET /api/projects/command-center/sessions/Peek%20%26%20Replay 200 in 1996ms (compile: 775ms, render: 1220ms)
 GET /api/voice/health 200 in 191ms (compile: 9ms, render: 182ms)
 GET /api/voice/health 200 in 180ms (compile: 19ms, render: 161ms)
 GET /api/voice/health 200 in 219ms (compile: 60ms, render: 159ms)
 GET /api/voice/health 200 in 70ms (compile: 26ms, render: 43ms)
 GET /api/voice/health 200 in 182ms (compile: 55ms, render: 126ms)
 GET /api/voice/health 200 in 66ms (compile: 15ms, render: 51ms)
 GET /api/voice/health 200 in 556ms (compile: 49ms, render: 508ms)
 GET /api/events 200 in 4.4min (compile: 123ms, render: 4.3min)
 GET /api/voice/health 200 in 344ms (compile: 54ms, render: 290ms)
 GET /api/voice/health 200 in 348ms (compile: 68ms, render: 280ms)
 GET /api/voice/health 200 in 327ms (compile: 99ms, render: 228ms)
 GET /api/voice/health 200 in 253ms (compile: 124ms, render: 129ms)
 GET /projects/command-center/Peek%20%26%20Replay/73ea91d1-b84f-4361-b2ab-3992bcfd65d5 200 in 1518ms (compile: 67ms, render: 1451ms)
 GET /api/notifications 200 in 20ms (compile: 4ms, render: 16ms)
{"timestamp":"2026-05-28T21:45:47.553Z","level":"warn","module":"tracing","message":"request.complete","traceId":"649ea291-b081-4b0f-a56f-902d79088bb0","projectName":"command-center","sessionName":"Peek & Replay","method":"GET","path":"/api/projects/command-center/sessions/Peek%20%26%20Replay/conversations","status":200,"durationMs":544}
{"timestamp":"2026-05-28T21:45:47.644Z","level":"warn","module":"tracing","message":"request.complete","traceId":"4bd93365-e615-4109-8833-ba007a32a463","projectName":"command-center","sessionName":"Peek & Replay","method":"GET","path":"/api/projects/command-center/sessions/Peek%20%26%20Replay/collaboration","status":200,"durationMs":604}
 GET /api/projects/command-center/sessions/Peek%20%26%20Replay/collaboration?all=true 200 in 694ms (compile: 68ms, render: 626ms)
 GET /api/projects/command-center/sessions/Peek%20%26%20Replay/conversations 200 in 963ms (compile: 48ms, render: 915ms)
 GET /api/projects/command-center/sessions/Peek%20%26%20Replay 200 in 979ms (compile: 26ms, render: 953ms)
{"timestamp":"2026-05-28T21:45:48.009Z","level":"warn","module":"tracing","message":"request.complete","traceId":"3f51886c-b6a1-43ae-8015-0a6ef41a267f","projectName":"command-center","sessionName":"Peek & Replay","conversationId":"73ea91d1-b84f-4361-b2ab-3992bcfd65d5","method":"GET","path":"/api/projects/command-center/sessions/Peek%20%26%20Replay/conversations/73ea91d1-b84f-4361-b2ab-3992bcfd65d5/messages","status":200,"durationMs":948}
 GET /api/projects/command-center/sessions/Peek%20%26%20Replay/conversations/73ea91d1-b84f-4361-b2ab-3992bcfd65d5/messages 200 in 1054ms (compile: 96ms, render: 958ms)
{"timestamp":"2026-05-28T21:45:48.242Z","level":"warn","module":"tracing","message":"request.complete","traceId":"3f1d224a-723f-4cac-bb62-47ab585f38bd","projectName":"command-center","sessionName":"Peek & Replay","method":"GET","path":"/api/projects/command-center/sessions/Peek%20%26%20Replay/commits","status":200,"durationMs":1123}
 GET /api/projects/command-center/sessions/Peek%20%26%20Replay/commits 200 in 1261ms (compile: 118ms, render: 1143ms)
 GET /api/voice/health 200 in 214ms (compile: 160ms, render: 54ms)
 GET /api/conversations/active 200 in 212ms (compile: 63ms, render: 149ms)
{"timestamp":"2026-05-28T21:45:48.912Z","level":"warn","module":"tracing","message":"request.complete","traceId":"fdc5fd01-c136-4516-9345-f196e0c420a8","projectName":"command-center","sessionName":"Peek & Replay","method":"GET","path":"/api/projects/command-center/sessions/Peek%20%26%20Replay/reference-documents","status":200,"durationMs":600}
 GET /api/projects/command-center/sessions/Peek%20%26%20Replay/reference-documents 200 in 663ms (compile: 43ms, render: 620ms)
{"timestamp":"2026-05-28T21:45:49.340Z","level":"warn","module":"tracing","message":"request.complete","traceId":"d6f7231e-79ca-4f0a-bb8f-8df5cf2f359e","projectName":"command-center","sessionName":"Peek & Replay","conversationId":"73ea91d1-b84f-4361-b2ab-3992bcfd65d5","method":"GET","path":"/api/projects/command-center/sessions/Peek%20%26%20Replay/conversations/73ea91d1-b84f-4361-b2ab-3992bcfd65d5/image-count","status":200,"durationMs":847}
 GET /api/projects/command-center/sessions/Peek%20%26%20Replay/conversations/73ea91d1-b84f-4361-b2ab-3992bcfd65d5/image-count 200 in 1059ms (compile: 196ms, render: 863ms)
{"timestamp":"2026-05-28T21:45:49.610Z","level":"warn","module":"diff","message":"diff.compute.complete","traceId":"3fae1884-5a0b-45cb-a04c-01eb0c044237","projectName":"command-center","sessionName":"Peek & Replay","worktreePath":"/Users/alex/github/command-center/.worktrees/peek-replay-02e449","fileCount":0,"durationMs":1799}
{"timestamp":"2026-05-28T21:45:49.612Z","level":"warn","module":"tracing","message":"request.complete","traceId":"3fae1884-5a0b-45cb-a04c-01eb0c044237","projectName":"command-center","sessionName":"Peek & Replay","method":"GET","path":"/api/projects/command-center/sessions/Peek%20%26%20Replay/diff","status":200,"durationMs":2518}
 GET /api/projects/command-center/sessions/Peek%20%26%20Replay/diff 200 in 2.6s (compile: 98ms, render: 2.5s)
{"timestamp":"2026-05-28T21:45:51.027Z","level":"warn","module":"tracing","message":"request.complete","traceId":"185d5d29-bf9c-44ac-8c32-690377ccf41f","projectName":"command-center","sessionName":"Peek & Replay","method":"GET","path":"/api/projects/command-center/sessions/Peek%20%26%20Replay/dev-servers","status":200,"durationMs":2868}
 GET /api/projects/command-center/sessions/Peek%20%26%20Replay/dev-servers 200 in 3.0s (compile: 64ms, render: 2.9s)
 GET /api/voice/health 200 in 53ms (compile: 5ms, render: 48ms)
 GET /api/voice/health 200 in 47ms (compile: 11ms, render: 36ms)
 GET /api/voice/health 200 in 48ms (compile: 16ms, render: 32ms)
 GET /api/voice/health 200 in 17ms (compile: 10ms, render: 8ms)
 GET /api/voice/health 200 in 19ms (compile: 12ms, render: 7ms)
 GET /api/voice/health 200 in 69ms (compile: 6ms, render: 63ms)
 GET /api/conversations/active 200 in 84ms (compile: 10ms, render: 74ms)
 GET /api/projects/command-center/sessions/Peek%20%26%20Replay 200 in 156ms (compile: 14ms, render: 142ms)
 GET /api/voice/health 200 in 23ms (compile: 3ms, render: 20ms)
 GET /api/voice/health 200 in 24ms (compile: 1833µs, render: 22ms)
 GET /api/voice/health 200 in 17ms (compile: 10ms, render: 6ms)
 GET /api/voice/health 200 in 7ms (compile: 2ms, render: 5ms)
 GET /api/voice/health 200 in 15ms (compile: 4ms, render: 11ms)
 GET /api/voice/health 200 in 15ms (compile: 1931µs, render: 13ms)
 GET /api/conversations/active?bust=1780004807922 200 in 62ms (compile: 1751µs, render: 60ms)
 GET /api/voice/health 200 in 31ms (compile: 4ms, render: 27ms)
 GET /api/voice/health 200 in 7ms (compile: 1926µs, render: 5ms)
 GET /api/voice/health 200 in 32ms (compile: 1956µs, render: 30ms)
 GET /api/voice/health 200 in 13ms (compile: 2ms, render: 11ms)
 GET /api/voice/health 200 in 13ms (compile: 3ms, render: 10ms)
 GET /api/voice/health 200 in 31ms (compile: 4ms, render: 27ms)
 GET /api/events 200 in 13.5min (compile: 33ms, render: 13.5min)
 GET /api/events 200 in 13.5min (compile: 165ms, render: 13.5min)
 GET /api/events 200 in 13.5min (compile: 191ms, render: 13.5min)
 GET /api/events 200 in 13.5min (compile: 197ms, render: 13.5min)
 GET /api/events 200 in 13.5min (compile: 209ms, render: 13.5min)
 GET /api/events 200 in 90s (compile: 201ms, render: 90s)
[?25h
